[csv_resource_map] Loaded 21 modules from CSV resource map.
Starting Stage 2 (posting from CSVs), starting from: languages...
Loaded 2 existing language mappings
Loaded 511 existing resource mappings
DEBUG: ResourceMigrator loaded ACTIVATE_KLP_VERSION: http://135.225.105.160:8004/klps/versions/{version_id}/status
Loaded 885 existing KLP mappings

=== STEP 1: Post Languages ===
DEBUG: POST_LANGUAGE URL: http://135.225.105.160:8004/languages/
Successfully posted language: French

=== STEP 2: Post Resources ===
Ensuring linked resources exist (creating placeholders)...
Fetching existing resources from API to prevent duplication...
Loaded 511 existing resource mappings from API.
No resources.csv found to post.

=== STEP 3: Post KLPs ===
Fetching existing KLPs from API...
Fetched 2565 existing KLPs from API
No klps.csv found to post.

=== STEP 4: Post Modules ===
No modules.csv found to post.

=== STEP 5: Post Categories ===
Starting category migration for language 70b23178954a41a4a67e38292373733c...
Processing category: Sexual & reproductive health
  Found module: Modern Contraception -> 2d6e73bd881a44cfa7570ee09e4b3a3d
  Found module: Safe Abortion -> 0beb5650fef146ac9fe788014136112d
  Found module: Post Abortion Care -> 7f4b6915d61048269be9e6b74aa8f0b9
  Found module: Female Genital Mutilation -> ad0032087cd949218eed128cb3feccdf
  Total modules found: 4
  Category exists: 9f347c5f3f8d4b1b910a6ef0ff74a972, patching...
  ✓ Activated category version: 11a3dd691cfb4024b12f634ff5d3efd5 (Universal)
Processing category: Pregnancy and birth complications
  Found module: Hypertension -> 5aeeb9c9cc0a4caf9fd018f0ad2e4142
  Found module: Prolonged Labour -> cf835a71ae83443b9bcf67cb8edbc6db
  Found module: Post Partum Hemorrhage -> b375dc176a2c4f60918d047fc363e513
  Found module: Manual Removal of Placenta -> 8b9a390f02fb40d9bb27b58a6764f86c
  Found module: Maternal Sepsis -> 01c4f8300f8d4f4bba9a677364185dce
  Found module: Gestational Diabetes Mellitus -> 4e91ddbe4abb48cfa2104a1f81eebaf7
  Total modules found: 6
  Category exists: 147a9e8bf2f84a57a36d6175894adf31, patching...
  ✓ Activated category version: 20f6dcee0e924a198aafee88202e7d05 (Universal)
Processing category: Maternal health
  Found module: Antenatal Care -> 379ed6ef1cc043e9976a49cbe81e08b2
  Found module: Postnatal Care -> 7d843f9022294d95b2b8bd32025fc098
  Found module: Normal Labour and Birth -> 14d1c8513fa34fcaa7fe9882772a7ca9
  Found module: Active Management of Third Stage Labour -> ae67526243524dedaff7f81cc457f1b0
  Found module: Perinatal Mental Health -> c565bca6d89c42a28b25b4326879fcf5
  Total modules found: 5
  Category exists: c1c11ee4608b4148ae04dd9888457a87, patching...
  ✓ Activated category version: 6fb93fa502224aec88ae8e506323c30c (Universal)
Processing category: Newborn health
  Found module: Neonatal Resuscitation -> f65d1aa187784c3e9180d14db0ee430e
  Found module: Newborn Management -> 9941fcfec7604852ba537750d7bd959f
  Found module: Low Birth Weight -> 6765a50eefef40f694221400e167a1af
  Found module: Care of The Sick Newborn -> 46fccf0141ae4c8fa395dfdf75ae1734
  Total modules found: 4
  Category exists: bf1022f2fc2f4a1bb3724b6e3ac75474, patching...
  ✓ Activated category version: 017c85767f784b90922005ea4eb50b33 (Universal)
Processing category: Infection prevention
  Found module: Infection Prevention -> 117c6504c3624ac7add070e3b5db2251
  Total modules found: 1
  Category exists: bab2deb65728440293be25915eff3d9a, patching...
  ✓ Activated category version: d4fdcca5ca3445a6a74fa15a05dfba41 (Universal)
Error linking categories: 404 Client Error: Not Found for url: http://135.225.105.160:8004/languages/70b23178954a41a4a67e38292373733c/link/categories
Starting category migration for language b49dc11f4ccc47df97bed2163c19052b...
Processing category: Sexual & reproductive health
  Found module: Modern Contraception -> 2d6e73bd881a44cfa7570ee09e4b3a3d
  Found module: Safe Abortion -> 0beb5650fef146ac9fe788014136112d
  Found module: Post Abortion Care -> 7f4b6915d61048269be9e6b74aa8f0b9
  Found module: Female Genital Mutilation -> ad0032087cd949218eed128cb3feccdf
  Total modules found: 4
  Category exists: 9f347c5f3f8d4b1b910a6ef0ff74a972, patching...
  ✓ Activated category version: 034dca161d3144af9db2b56c48454ed3 (Universal)
Processing category: Pregnancy and birth complications
  Found module: Hypertension -> 5aeeb9c9cc0a4caf9fd018f0ad2e4142
  Found module: Prolonged Labour -> cf835a71ae83443b9bcf67cb8edbc6db
  Found module: Post Partum Hemorrhage -> b375dc176a2c4f60918d047fc363e513
  Found module: Manual Removal of Placenta -> 8b9a390f02fb40d9bb27b58a6764f86c
  Found module: Maternal Sepsis -> 01c4f8300f8d4f4bba9a677364185dce
  Found module: Gestational Diabetes Mellitus -> 4e91ddbe4abb48cfa2104a1f81eebaf7
  Total modules found: 6
Traceback (most recent call last):
  File "/home/azureuser/test/content_migrator/main.py", line 317, in <module>
    main()
  File "/home/azureuser/test/content_migrator/main.py", line 309, in main
    orchestrator.migrate_all_content(
  File "/home/azureuser/test/content_migrator/main.py", line 172, in migrate_all_content
    self.category_migrator.migrate_categories(lme_lang_id)
  File "/home/azureuser/test/content_migrator/category_migrator.py", line 124, in migrate_categories
    category_id = self._get_category_id_by_slug(f"cat-{category_slug}")
                  ^^^^^^^^^^^^^^^^^^^^^^^^^^^^^^^^^^^^^^^^^^^^^^^^^^^^^
  File "/home/azureuser/test/content_migrator/category_migrator.py", line 143, in _get_category_id_by_slug
    resp = requests.get(url, params=params, headers=self._headers())
           ^^^^^^^^^^^^^^^^^^^^^^^^^^^^^^^^^^^^^^^^^^^^^^^^^^^^^^^^^
  File "/home/azureuser/.local/lib/python3.12/site-packages/requests/api.py", line 73, in get
    return request("get", url, params=params, **kwargs)
           ^^^^^^^^^^^^^^^^^^^^^^^^^^^^^^^^^^^^^^^^^^^^
  File "/home/azureuser/.local/lib/python3.12/site-packages/requests/api.py", line 59, in request
    return session.request(method=method, url=url, **kwargs)
           ^^^^^^^^^^^^^^^^^^^^^^^^^^^^^^^^^^^^^^^^^^^^^^^^^
  File "/home/azureuser/.local/lib/python3.12/site-packages/requests/sessions.py", line 589, in request
    resp = self.send(prep, **send_kwargs)
           ^^^^^^^^^^^^^^^^^^^^^^^^^^^^^^
  File "/home/azureuser/.local/lib/python3.12/site-packages/requests/sessions.py", line 724, in send
    history = [resp for resp in gen]
              ^^^^^^^^^^^^^^^^^^^^^^
  File "/home/azureuser/.local/lib/python3.12/site-packages/requests/sessions.py", line 265, in resolve_redirects
    resp = self.send(
           ^^^^^^^^^^
  File "/home/azureuser/.local/lib/python3.12/site-packages/requests/sessions.py", line 703, in send
    r = adapter.send(request, **kwargs)
        ^^^^^^^^^^^^^^^^^^^^^^^^^^^^^^^
  File "/home/azureuser/.local/lib/python3.12/site-packages/requests/adapters.py", line 644, in send
    resp = conn.urlopen(
           ^^^^^^^^^^^^^
  File "/home/azureuser/.local/lib/python3.12/site-packages/urllib3/connectionpool.py", line 787, in urlopen
    response = self._make_request(
               ^^^^^^^^^^^^^^^^^^^
  File "/home/azureuser/.local/lib/python3.12/site-packages/urllib3/connectionpool.py", line 534, in _make_request
    response = conn.getresponse()
               ^^^^^^^^^^^^^^^^^^
  File "/home/azureuser/.local/lib/python3.12/site-packages/urllib3/connection.py", line 571, in getresponse
    httplib_response = super().getresponse()
                       ^^^^^^^^^^^^^^^^^^^^^
  File "/usr/lib/python3.12/http/client.py", line 1448, in getresponse
    response.begin()
  File "/usr/lib/python3.12/http/client.py", line 336, in begin
    version, status, reason = self._read_status()
                              ^^^^^^^^^^^^^^^^^^^
  File "/usr/lib/python3.12/http/client.py", line 297, in _read_status
    line = str(self.fp.readline(_MAXLINE + 1), "iso-8859-1")
               ^^^^^^^^^^^^^^^^^^^^^^^^^^^^^^
  File "/usr/lib/python3.12/socket.py", line 707, in readinto
    return self._sock.recv_into(b)
           ^^^^^^^^^^^^^^^^^^^^^^^
KeyboardInterrupt
