[csv_resource_map] Loaded 21 modules from CSV resource map.
Starting Stage 1 (queue-only) migration...

=== STEP 1: Language Queue ===
Starting language migration...
Found 1 languages to migrate
Migrating language: English (ID: 7cf6efab-a9d7-54d2-2cbd-ec82efe4a7da)
Warning: country_code.csv not found
Warning: language_name.csv not found
Warning: No autonym script found for language 'English'
Queued language payload -> /home/azureuser/prod/sdp_dms/data/processed_data/languages.csv
Language migration completed!

=== STEP 1.5: Generate Module List from Content Bundle ===
  ⬇ Downloading: https://sdacms.blob.core.windows.net/content/7cf6efab-a9d7-54d2-2cbd-ec82efe4a7da/content-bundle.json
  ✓ 7cf6efab-a9d7-54d2-2cbd-ec82efe4a7da: 17 modules found
  ✅ module_list.json updated: 17 modules
Module list ready: 17 modules for target language(s)

=== STEP 2: Module Queue (includes resources) ===
Loaded 968 existing resource mappings
Loaded 886 existing KLP mappings
🚀 Starting module migration (queue stage)...
Loaded 21 existing module mappings
Filtering migration for language ID: 7cf6efab-a9d7-54d2-2cbd-ec82efe4a7da
Processing languages: ['7cf6efab-a9d7-54d2-2cbd-ec82efe4a7da']
Downloading content-bundle.json for translated language '7cf6efab-a9d7-54d2-2cbd-ec82efe4a7da'...
  ⬇ Downloading: https://sdacms.blob.core.windows.net/content/7cf6efab-a9d7-54d2-2cbd-ec82efe4a7da/content-bundle.json
Found 17 modules from content-bundle.json for 7cf6efab-a9d7-54d2-2cbd-ec82efe4a7da
Writing translated module summary to /home/azureuser/prod/sdp_dms/data/translated_module_data/translated_module_resource_summary_7cf6efab-a9d7-54d2-2cbd-ec82efe4a7da.csv...
  → Found English title from Cosmos (key='postnatal-care_1708335696684'): 'Postnatal Care'
[ModuleMigrator] Using Cosmos doc resource lists for TRANSLATED module 'postnatal-care_1708335696684' (lang: 7cf6efab-a9d7-54d2-2cbd-ec82efe4a7da)
  actionCards: 2 keys
  procedures: 2 keys
  drugs: 13 keys
  keyLearningPoints: 36 keys
  videos: 9 keys
  ⚠ STRUCTURAL VIOLATION: Global identity document not found in Cosmos for localized module 'postnatal-care'. Proceeding with placeholder title: Postnatal Care
  Step 1: Preparing module resources (queue)...
Loaded 968 existing resource mappings
Mapping language:   7cf6efab-a9d7-54d2-2cbd-ec82efe4a7da
  → Migrating 9 videos for module
Loaded 2505 asset mappings from file
Downloading video asset from https://sdacms.blob.core.windows.net/content/assets/videos/english%20WHO/Postnatal%20Care/GL_ENG_PNC_V1_intro.mp4
Cached and saved asset_id for https://sdacms.blob.core.windows.net/content/assets/videos/english%20WHO/Postnatal%20Care/GL_ENG_PNC_V1_intro.mp4: a22c839d405941f49f91482d6cc58daa
Downloading video_icon asset from https://sdacms.blob.core.windows.net/content/assets/videos/english%20WHO/Postnatal%20Care/GL_ENG_PNC_V1_intro.png
Cached and saved asset_id for https://sdacms.blob.core.windows.net/content/assets/videos/english%20WHO/Postnatal%20Care/GL_ENG_PNC_V1_intro.png: d26a057465e6492f8e7413d669cf5f2b
Queued video resource payload for slug 'res-video-english-postnatal-care-gl-eng-pnc-v1-intro' -> /home/azureuser/prod/sdp_dms/data/processed_data/resources.csv
Downloading video asset from https://sdacms.blob.core.windows.net/content/assets/videos/english%20WHO/Postnatal%20Care/GL_ENG_PNC_V1_postnatal_care_schedule.mp4
Cached and saved asset_id for https://sdacms.blob.core.windows.net/content/assets/videos/english%20WHO/Postnatal%20Care/GL_ENG_PNC_V1_postnatal_care_schedule.mp4: d592646ede5344219125621992b5573a
Downloading video_icon asset from https://sdacms.blob.core.windows.net/content/assets/videos/english%20WHO/Postnatal%20Care/GL_ENG_PNC_V1_postnatal_care_schedule.png
Cached and saved asset_id for https://sdacms.blob.core.windows.net/content/assets/videos/english%20WHO/Postnatal%20Care/GL_ENG_PNC_V1_postnatal_care_schedule.png: 702033e6c96f48c2b7bb8cf5f61e0728
Queued video resource payload for slug 'res-video-english-postnatal-care-gl-eng-pnc-v1-postnatal-care-schedule' -> /home/azureuser/prod/sdp_dms/data/processed_data/resources.csv
Downloading video asset from https://sdacms.blob.core.windows.net/content/assets/videos/english%20WHO/Postnatal%20Care/GL_ENG_PNC_V1_initial_postnatal_assessment.mp4
Cached and saved asset_id for https://sdacms.blob.core.windows.net/content/assets/videos/english%20WHO/Postnatal%20Care/GL_ENG_PNC_V1_initial_postnatal_assessment.mp4: de7c040b38f444458e1dc76edaa2eaf0
Downloading video_icon asset from https://sdacms.blob.core.windows.net/content/assets/videos/english%20WHO/Postnatal%20Care/GL_ENG_PNC_V1_initial_postnatal_assessment.png
Cached and saved asset_id for https://sdacms.blob.core.windows.net/content/assets/videos/english%20WHO/Postnatal%20Care/GL_ENG_PNC_V1_initial_postnatal_assessment.png: 8e4b61ee1e7f4408aeb7b14fa5f440b6
Queued video resource payload for slug 'res-video-english-postnatal-care-gl-eng-pnc-v1-initial-postnatal-assessment' -> /home/azureuser/prod/sdp_dms/data/processed_data/resources.csv
Downloading video asset from https://sdacms.blob.core.windows.net/content/assets/videos/english%20WHO/Postnatal%20Care/GL_ENG_PNC_V1_postnatal_care_counselling.mp4
Cached and saved asset_id for https://sdacms.blob.core.windows.net/content/assets/videos/english%20WHO/Postnatal%20Care/GL_ENG_PNC_V1_postnatal_care_counselling.mp4: 7019029f5199424c81803ddb88cf0293
Downloading video_icon asset from https://sdacms.blob.core.windows.net/content/assets/videos/english%20WHO/Postnatal%20Care/GL_ENG_PNC_V1_postnatal_care_counselling.png
Cached and saved asset_id for https://sdacms.blob.core.windows.net/content/assets/videos/english%20WHO/Postnatal%20Care/GL_ENG_PNC_V1_postnatal_care_counselling.png: 3f295d200bbc437295fb3d0141934b64
Queued video resource payload for slug 'res-video-english-postnatal-care-gl-eng-pnc-v1-postnatal-care-counselling' -> /home/azureuser/prod/sdp_dms/data/processed_data/resources.csv
Downloading video asset from https://sdacms.blob.core.windows.net/content/assets/videos/english%20WHO/Postnatal%20Care/GL_ENG_PNC_V1_routine_postnatal_assessment_and_care.mp4
Cached and saved asset_id for https://sdacms.blob.core.windows.net/content/assets/videos/english%20WHO/Postnatal%20Care/GL_ENG_PNC_V1_routine_postnatal_assessment_and_care.mp4: 5d45824b08af451fbfd937cde62ec7bd
Downloading video_icon asset from https://sdacms.blob.core.windows.net/content/assets/videos/english%20WHO/Postnatal%20Care/GL_ENG_PNC_V1_routine_postnatal_assessment_and_care.png
Cached and saved asset_id for https://sdacms.blob.core.windows.net/content/assets/videos/english%20WHO/Postnatal%20Care/GL_ENG_PNC_V1_routine_postnatal_assessment_and_care.png: 6ab70df4d28a4ff7acbf2f4c9cefe932
Queued video resource payload for slug 'res-video-english-postnatal-care-gl-eng-pnc-v1-routine-postnatal-assessment-and-care' -> /home/azureuser/prod/sdp_dms/data/processed_data/resources.csv
Downloading video asset from https://sdacms.blob.core.windows.net/content/assets/videos/english%20WHO/Postnatal%20Care/GL_ENG_PNC_V1_postnatal_pain_management.mp4
Cached and saved asset_id for https://sdacms.blob.core.windows.net/content/assets/videos/english%20WHO/Postnatal%20Care/GL_ENG_PNC_V1_postnatal_pain_management.mp4: 2cd9a78eddf34a2893dc8bbb628fbda3
Downloading video_icon asset from https://sdacms.blob.core.windows.net/content/assets/videos/english%20WHO/Postnatal%20Care/GL_ENG_PNC_V1_postnatal_pain_management.png
Cached and saved asset_id for https://sdacms.blob.core.windows.net/content/assets/videos/english%20WHO/Postnatal%20Care/GL_ENG_PNC_V1_postnatal_pain_management.png: b97cbbba7c1e4b8ca168378a778d2a7c
Queued video resource payload for slug 'res-video-english-postnatal-care-gl-eng-pnc-v1-postnatal-pain-management' -> /home/azureuser/prod/sdp_dms/data/processed_data/resources.csv
Downloading video asset from https://sdacms.blob.core.windows.net/content/assets/videos/english%20WHO/Postnatal%20Care/GL_ENG_PNC_V1_care_of_the_newborn.mp4
Cached and saved asset_id for https://sdacms.blob.core.windows.net/content/assets/videos/english%20WHO/Postnatal%20Care/GL_ENG_PNC_V1_care_of_the_newborn.mp4: 65cc05760ef04de19d42f00c1169ccde
Downloading video_icon asset from https://sdacms.blob.core.windows.net/content/assets/videos/english%20WHO/Postnatal%20Care/GL_ENG_PNC_V1_care_of_the_newborn.png
Cached and saved asset_id for https://sdacms.blob.core.windows.net/content/assets/videos/english%20WHO/Postnatal%20Care/GL_ENG_PNC_V1_care_of_the_newborn.png: 2b20d19cb729448fa45bd08c99d13233
Queued video resource payload for slug 'res-video-english-postnatal-care-gl-eng-pnc-v1-care-of-the-newborn' -> /home/azureuser/prod/sdp_dms/data/processed_data/resources.csv
Downloading video asset from https://sdacms.blob.core.windows.net/content/assets/videos/english%20WHO/Postnatal%20Care/GL_ENG_PNC_V1_routine_assessment_of_the_newborn.mp4
Cached and saved asset_id for https://sdacms.blob.core.windows.net/content/assets/videos/english%20WHO/Postnatal%20Care/GL_ENG_PNC_V1_routine_assessment_of_the_newborn.mp4: 4efa0c71bbe849c79264a4f18cfe6981
Downloading video_icon asset from https://sdacms.blob.core.windows.net/content/assets/videos/english%20WHO/Postnatal%20Care/GL_ENG_PNC_V1_routine_assessment_of_the_newborn.png
Cached and saved asset_id for https://sdacms.blob.core.windows.net/content/assets/videos/english%20WHO/Postnatal%20Care/GL_ENG_PNC_V1_routine_assessment_of_the_newborn.png: b6d53a4ca2924468b14af82b75aaf2cb
Queued video resource payload for slug 'res-video-english-postnatal-care-gl-eng-pnc-v1-routine-assessment-of-the-newborn' -> /home/azureuser/prod/sdp_dms/data/processed_data/resources.csv
Downloading video asset from https://sdacms.blob.core.windows.net/content/assets/videos/english%20WHO/Postnatal%20Care/GL_ENG_PNC_V1_newborn_care_counselling.mp4
Cached and saved asset_id for https://sdacms.blob.core.windows.net/content/assets/videos/english%20WHO/Postnatal%20Care/GL_ENG_PNC_V1_newborn_care_counselling.mp4: 0c8292450d244de0b00fc9c60f417864
Downloading video_icon asset from https://sdacms.blob.core.windows.net/content/assets/videos/english%20WHO/Postnatal%20Care/GL_ENG_PNC_V1_newborn_care_counselling.png
Cached and saved asset_id for https://sdacms.blob.core.windows.net/content/assets/videos/english%20WHO/Postnatal%20Care/GL_ENG_PNC_V1_newborn_care_counselling.png: c73a444f83054b498dbc9d66bcfdd338
Queued video resource payload for slug 'res-video-english-postnatal-care-gl-eng-pnc-v1-newborn-care-counselling' -> /home/azureuser/prod/sdp_dms/data/processed_data/resources.csv
  → Migrating 2 action cards for module
Mapping language:   7cf6efab-a9d7-54d2-2cbd-ec82efe4a7da
Using cached asset_id: 40d31e8401124d81aee3a22ecd6c4495
Saved Markdown: /home/azureuser/prod/sdp_dms/data/temp_data/newborn_original.md
Saved Markdown: /home/azureuser/prod/sdp_dms/data/temp_data/newborn_adapted_africa.md
Saved Markdown: /home/azureuser/prod/sdp_dms/data/temp_data/newborn_translated_action_card.md
  📎 Linking 7 embedded asset(s) to markdown upload
Created action-card resource: title='Newborn' description='Newborn' icon='40d31e8401124d81aee3a22ecd6c4495' content='46d6ee00d0084ebbacff2c498ceec4ee' language_id='7cf6efab-a9d7-54d2-2cbd-ec82efe4a7da' region='africa' content_type='original' created_by='natalia@maternity.dk' level=None questions=None derived_from_id=None
  📎 Linking 7 embedded asset(s) to markdown upload
Created action-card resource: title='Newborn' description='Newborn' icon='40d31e8401124d81aee3a22ecd6c4495' content='69dcd0216c28485d803c29b287e63391' language_id='7cf6efab-a9d7-54d2-2cbd-ec82efe4a7da' region='africa' content_type='adapted' created_by='natalia@maternity.dk' level=None questions=None derived_from_id=None
  📎 Linking 7 embedded asset(s) to markdown upload
Created action-card resource: title='Newborn' description='Newborn' icon='40d31e8401124d81aee3a22ecd6c4495' content='f6d6c7e9b97844d491812f66d737575e' language_id='7cf6efab-a9d7-54d2-2cbd-ec82efe4a7da' region='africa' content_type='translated' created_by='natalia@maternity.dk' level=None questions=None derived_from_id=None
Queuing action-card: res-action-card-newborn (Source: 'Newborn')
  ℹ️  No screens translation found for 'action-card:newborn_1707484087588', using original
Queuing action-card: res-action-card-newborn (Source: 'Newborn')
Overwriting previous queue for 'res-action-card-newborn' with language-specific version (lang: 7cf6efab-a9d7-54d2-2cbd-ec82efe4a7da)
  ⚠ SKIP: Localized action card 'mother-new-2025_1761819804127' not found in 7cf6efab-a9d7-54d2-2cbd-ec82efe4a7da.
Mapping language:   7cf6efab-a9d7-54d2-2cbd-ec82efe4a7da
  → Migrating 2 procedures for module
Using cached asset_id: 5615d40d9c0247c68e75bcdee2d97aac
Saved Markdown: /home/azureuser/prod/sdp_dms/data/temp_data/pelvic_floor_muscle_exercises_original.md
Saved Markdown: /home/azureuser/prod/sdp_dms/data/temp_data/pelvic_floor_muscle_exercises_adapted_africa.md
Saved Markdown: /home/azureuser/prod/sdp_dms/data/temp_data/pelvic_floor_muscle_exercises_translated_action_card.md
Created action-card resource: title='Pelvic floor muscle exercises' description='Pelvic floor muscle exercises' icon='5615d40d9c0247c68e75bcdee2d97aac' content='60900c1615f34de0b0f57bf713db146e' language_id='7cf6efab-a9d7-54d2-2cbd-ec82efe4a7da' region='africa' content_type='original' created_by='frederikke@maternity.dk' level=None questions=None derived_from_id=None
Created action-card resource: title='Pelvic floor muscle exercises' description='Pelvic floor muscle exercises' icon='5615d40d9c0247c68e75bcdee2d97aac' content='23283e79cb0c4458be0bcd0f307968a3' language_id='7cf6efab-a9d7-54d2-2cbd-ec82efe4a7da' region='africa' content_type='adapted' created_by='frederikke@maternity.dk' level=None questions=None derived_from_id=None
Created action-card resource: title='Pelvic floor muscle exercises' description='Pelvic floor muscle exercises' icon='5615d40d9c0247c68e75bcdee2d97aac' content='84ea0f70a4244fb88a89c0b4c3b1351b' language_id='7cf6efab-a9d7-54d2-2cbd-ec82efe4a7da' region='africa' content_type='translated' created_by='frederikke@maternity.dk' level=None questions=None derived_from_id=None
Queuing procedure: res-procedure-pelvic-floor-muscle-exercises (Source: 'Pelvic floor muscle exercises')
  ℹ️  No screens translation found for 'procedure:pelvic-floor-muscle-exercises_1707916177442', using original
Queuing procedure: res-procedure-pelvic-floor-muscle-exercises (Source: 'Pelvic floor muscle exercises')
Overwriting previous queue for 'res-procedure-pelvic-floor-muscle-exercises' with language-specific version (lang: 7cf6efab-a9d7-54d2-2cbd-ec82efe4a7da)
Using cached asset_id: 1d01624751cd4a8c9c5442cdf78022a3
Saved Markdown: /home/azureuser/prod/sdp_dms/data/temp_data/comprehensive_breastfeeding_global_original.md
Saved Markdown: /home/azureuser/prod/sdp_dms/data/temp_data/comprehensive_breastfeeding_global_adapted_africa.md
Saved Markdown: /home/azureuser/prod/sdp_dms/data/temp_data/comprehensive_breastfeeding_global_translated_action_card.md
  📎 Linking 8 embedded asset(s) to markdown upload
Created action-card resource: title='Comprehensive Breastfeeding(Global)' description='Comprehensive Breastfeeding(Global)' icon='1d01624751cd4a8c9c5442cdf78022a3' content='5e46e88a61d44a88ac713b1b0a3a1082' language_id='7cf6efab-a9d7-54d2-2cbd-ec82efe4a7da' region='africa' content_type='original' created_by='natalia@maternity.dk' level=None questions=None derived_from_id=None
  📎 Linking 8 embedded asset(s) to markdown upload
Created action-card resource: title='Comprehensive Breastfeeding(Global)' description='Comprehensive Breastfeeding(Global)' icon='1d01624751cd4a8c9c5442cdf78022a3' content='6aa4ed0e6aa64b498c458343dab8e23f' language_id='7cf6efab-a9d7-54d2-2cbd-ec82efe4a7da' region='africa' content_type='adapted' created_by='natalia@maternity.dk' level=None questions=None derived_from_id=None
  📎 Linking 8 embedded asset(s) to markdown upload
Created action-card resource: title='Comprehensive Breastfeeding(Global)' description='Comprehensive Breastfeeding(Global)' icon='1d01624751cd4a8c9c5442cdf78022a3' content='9134d599753c46ab9f357d886a9e523e' language_id='7cf6efab-a9d7-54d2-2cbd-ec82efe4a7da' region='africa' content_type='translated' created_by='natalia@maternity.dk' level=None questions=None derived_from_id=None
Traceback (most recent call last):
  File "/home/azureuser/.local/lib/python3.12/site-packages/azure/cosmos/_execution_context/execution_dispatcher.py", line 142, in fetch_next_block
    return self._execution_context.fetch_next_block()
           ^^^^^^^^^^^^^^^^^^^^^^^^^^^^^^^^^^^^^^^^^^
  File "/home/azureuser/.local/lib/python3.12/site-packages/azure/cosmos/_execution_context/base_execution_context.py", line 81, in fetch_next_block
    self._ensure()
  File "/home/azureuser/.local/lib/python3.12/site-packages/azure/cosmos/_execution_context/base_execution_context.py", line 66, in _ensure
    results = self._fetch_next_block()
              ^^^^^^^^^^^^^^^^^^^^^^^^
  File "/home/azureuser/.local/lib/python3.12/site-packages/azure/cosmos/_execution_context/base_execution_context.py", line 220, in _fetch_next_block
    return self._fetch_items_helper_with_retries(self._fetch_function)
           ^^^^^^^^^^^^^^^^^^^^^^^^^^^^^^^^^^^^^^^^^^^^^^^^^^^^^^^^^^^
  File "/home/azureuser/.local/lib/python3.12/site-packages/azure/cosmos/_execution_context/base_execution_context.py", line 163, in _fetch_items_helper_with_retries
    return execute_fetch()
           ^^^^^^^^^^^^^^^
  File "/home/azureuser/.local/lib/python3.12/site-packages/azure/cosmos/_execution_context/base_execution_context.py", line 144, in execute_fetch
    return _retry_utility.Execute(
           ^^^^^^^^^^^^^^^^^^^^^^^
  File "/home/azureuser/.local/lib/python3.12/site-packages/azure/cosmos/_retry_utility.py", line 132, in Execute
    result = ExecuteFunction(function, *args, **kwargs)
             ^^^^^^^^^^^^^^^^^^^^^^^^^^^^^^^^^^^^^^^^^^
  File "/home/azureuser/.local/lib/python3.12/site-packages/azure/cosmos/_retry_utility.py", line 279, in ExecuteFunction
    return function(*args, **kwargs)
           ^^^^^^^^^^^^^^^^^^^^^^^^^
  File "/home/azureuser/.local/lib/python3.12/site-packages/azure/cosmos/_execution_context/base_execution_context.py", line 142, in callback
    return self._fetch_items_helper_no_retries(fetch_function)
           ^^^^^^^^^^^^^^^^^^^^^^^^^^^^^^^^^^^^^^^^^^^^^^^^^^^
  File "/home/azureuser/.local/lib/python3.12/site-packages/azure/cosmos/_execution_context/base_execution_context.py", line 123, in _fetch_items_helper_no_retries
    (fetched_items, response_headers) = fetch_function(new_options)
                                        ^^^^^^^^^^^^^^^^^^^^^^^^^^^
  File "/home/azureuser/.local/lib/python3.12/site-packages/azure/cosmos/_cosmos_client_connection.py", line 1166, in fetch_fn
    return self.__QueryFeed(
           ^^^^^^^^^^^^^^^^^
  File "/home/azureuser/.local/lib/python3.12/site-packages/azure/cosmos/_cosmos_client_connection.py", line 3333, in __QueryFeed
    result, last_response_headers = self.__Post(path, request_params, query, req_headers, **kwargs)
                                    ^^^^^^^^^^^^^^^^^^^^^^^^^^^^^^^^^^^^^^^^^^^^^^^^^^^^^^^^^^^^^^^
  File "/home/azureuser/.local/lib/python3.12/site-packages/azure/cosmos/_cosmos_client_connection.py", line 3010, in __Post
    return synchronized_request.SynchronizedRequest(
           ^^^^^^^^^^^^^^^^^^^^^^^^^^^^^^^^^^^^^^^^^
  File "/home/azureuser/.local/lib/python3.12/site-packages/azure/cosmos/_synchronized_request.py", line 236, in SynchronizedRequest
    return _retry_utility.Execute(
           ^^^^^^^^^^^^^^^^^^^^^^^
  File "/home/azureuser/.local/lib/python3.12/site-packages/azure/cosmos/_retry_utility.py", line 129, in Execute
    result = ExecuteFunction(function, global_endpoint_manager, *args, **kwargs)
             ^^^^^^^^^^^^^^^^^^^^^^^^^^^^^^^^^^^^^^^^^^^^^^^^^^^^^^^^^^^^^^^^^^^
  File "/home/azureuser/.local/lib/python3.12/site-packages/azure/cosmos/_retry_utility.py", line 279, in ExecuteFunction
    return function(*args, **kwargs)
           ^^^^^^^^^^^^^^^^^^^^^^^^^
  File "/home/azureuser/.local/lib/python3.12/site-packages/azure/cosmos/_synchronized_request.py", line 176, in _Request
    raise exceptions.CosmosHttpResponseError(message=data, response=response)
azure.cosmos.exceptions.CosmosHttpResponseError: (BadRequest) The provided cross partition query can not be directly served by the gateway. This is a first chance (internal) exception that all newer clients will know how to handle gracefully. This exception is traced, but unless you see it bubble up as an exception (which only happens on older SDK clients), then you can safely ignore this message.
ActivityId: 05e90cbf-06ab-4b99-ad24-d9a50bcecfd0, Windows/10.0.20348 cosmos-netstandard-sdk/3.18.0
Code: BadRequest
Message: The provided cross partition query can not be directly served by the gateway. This is a first chance (internal) exception that all newer clients will know how to handle gracefully. This exception is traced, but unless you see it bubble up as an exception (which only happens on older SDK clients), then you can safely ignore this message.
ActivityId: 05e90cbf-06ab-4b99-ad24-d9a50bcecfd0, Windows/10.0.20348 cosmos-netstandard-sdk/3.18.0

During handling of the above exception, another exception occurred:

Traceback (most recent call last):
  File "/home/azureuser/prod/sdp_dms/main.py", line 331, in <module>
    main()
  File "/home/azureuser/prod/sdp_dms/main.py", line 323, in main
    orchestrator.migrate_all_content(
  File "/home/azureuser/prod/sdp_dms/main.py", line 111, in migrate_all_content
    self.module_migrator.migrate_all_modules(language_filter=language_id)
  File "/home/azureuser/prod/sdp_dms/module_migrator.py", line 185, in migrate_all_modules
    self._migrate_single_module(module_doc)
  File "/home/azureuser/prod/sdp_dms/module_migrator.py", line 284, in _migrate_single_module
    resource_slugs = self.resource_migrator.migrate_module_resources(resource_source_doc, global_module_title=slug_source_title)
                     ^^^^^^^^^^^^^^^^^^^^^^^^^^^^^^^^^^^^^^^^^^^^^^^^^^^^^^^^^^^^^^^^^^^^^^^^^^^^^^^^^^^^^^^^^^^^^^^^^^^^^^^^^^^
  File "/home/azureuser/prod/sdp_dms/resource_migrator.py", line 329, in migrate_module_resources
    procedure_ids = self._migrate_procedure_resources(module_doc)
                    ^^^^^^^^^^^^^^^^^^^^^^^^^^^^^^^^^^^^^^^^^^^^^
  File "/home/azureuser/prod/sdp_dms/resource_migrator.py", line 525, in _migrate_procedure_resources
    translated_desc = self._get_screen_translation(trans_key, cosmos_lang_id)
                      ^^^^^^^^^^^^^^^^^^^^^^^^^^^^^^^^^^^^^^^^^^^^^^^^^^^^^^^
  File "/home/azureuser/prod/sdp_dms/resource_migrator.py", line 1178, in _get_screen_translation
    results = list(
              ^^^^^
  File "/home/azureuser/.local/lib/python3.12/site-packages/azure/core/paging.py", line 136, in __next__
    return next(self._page_iterator)
           ^^^^^^^^^^^^^^^^^^^^^^^^^
  File "/home/azureuser/.local/lib/python3.12/site-packages/azure/core/paging.py", line 82, in __next__
    self._response = self._get_next(self.continuation_token)
                     ^^^^^^^^^^^^^^^^^^^^^^^^^^^^^^^^^^^^^^^
  File "/home/azureuser/.local/lib/python3.12/site-packages/azure/cosmos/_query_iterable.py", line 116, in _fetch_next
    block = self._ex_context.fetch_next_block()
            ^^^^^^^^^^^^^^^^^^^^^^^^^^^^^^^^^^^
  File "/home/azureuser/.local/lib/python3.12/site-packages/azure/cosmos/_execution_context/execution_dispatcher.py", line 145, in fetch_next_block
    self._create_execution_context_with_query_plan()
  File "/home/azureuser/.local/lib/python3.12/site-packages/azure/cosmos/_execution_context/execution_dispatcher.py", line 99, in _create_execution_context_with_query_plan
    query_plan = self._client._GetQueryPlanThroughGateway(
                 ^^^^^^^^^^^^^^^^^^^^^^^^^^^^^^^^^^^^^^^^^
  File "/home/azureuser/.local/lib/python3.12/site-packages/azure/cosmos/_cosmos_client_connection.py", line 3380, in _GetQueryPlanThroughGateway
    results, last_response_headers = self.__QueryFeed(
                                     ^^^^^^^^^^^^^^^^^
  File "/home/azureuser/.local/lib/python3.12/site-packages/azure/cosmos/_cosmos_client_connection.py", line 3333, in __QueryFeed
    result, last_response_headers = self.__Post(path, request_params, query, req_headers, **kwargs)
                                    ^^^^^^^^^^^^^^^^^^^^^^^^^^^^^^^^^^^^^^^^^^^^^^^^^^^^^^^^^^^^^^^
  File "/home/azureuser/.local/lib/python3.12/site-packages/azure/cosmos/_cosmos_client_connection.py", line 3010, in __Post
    return synchronized_request.SynchronizedRequest(
           ^^^^^^^^^^^^^^^^^^^^^^^^^^^^^^^^^^^^^^^^^
  File "/home/azureuser/.local/lib/python3.12/site-packages/azure/cosmos/_synchronized_request.py", line 236, in SynchronizedRequest
    return _retry_utility.Execute(
           ^^^^^^^^^^^^^^^^^^^^^^^
  File "/home/azureuser/.local/lib/python3.12/site-packages/azure/cosmos/_retry_utility.py", line 129, in Execute
    result = ExecuteFunction(function, global_endpoint_manager, *args, **kwargs)
             ^^^^^^^^^^^^^^^^^^^^^^^^^^^^^^^^^^^^^^^^^^^^^^^^^^^^^^^^^^^^^^^^^^^
  File "/home/azureuser/.local/lib/python3.12/site-packages/azure/cosmos/_retry_utility.py", line 279, in ExecuteFunction
    return function(*args, **kwargs)
           ^^^^^^^^^^^^^^^^^^^^^^^^^
  File "/home/azureuser/.local/lib/python3.12/site-packages/azure/cosmos/_synchronized_request.py", line 150, in _Request
    response = _PipelineRunFunction(
               ^^^^^^^^^^^^^^^^^^^^^
  File "/home/azureuser/.local/lib/python3.12/site-packages/azure/cosmos/_synchronized_request.py", line 205, in _PipelineRunFunction
    return pipeline_client._pipeline.run(request, **kwargs)
           ^^^^^^^^^^^^^^^^^^^^^^^^^^^^^^^^^^^^^^^^^^^^^^^^
  File "/home/azureuser/.local/lib/python3.12/site-packages/azure/core/pipeline/_base.py", line 242, in run
    return first_node.send(pipeline_request)
           ^^^^^^^^^^^^^^^^^^^^^^^^^^^^^^^^^
  File "/home/azureuser/.local/lib/python3.12/site-packages/azure/core/pipeline/_base.py", line 98, in send
    response = self.next.send(request)
               ^^^^^^^^^^^^^^^^^^^^^^^
  File "/home/azureuser/.local/lib/python3.12/site-packages/azure/core/pipeline/_base.py", line 98, in send
    response = self.next.send(request)
               ^^^^^^^^^^^^^^^^^^^^^^^
  File "/home/azureuser/.local/lib/python3.12/site-packages/azure/core/pipeline/_base.py", line 98, in send
    response = self.next.send(request)
               ^^^^^^^^^^^^^^^^^^^^^^^
  [Previous line repeated 1 more time]
  File "/home/azureuser/.local/lib/python3.12/site-packages/azure/cosmos/_retry_utility.py", line 369, in send
    response = self.next.send(request)
               ^^^^^^^^^^^^^^^^^^^^^^^
  File "/home/azureuser/.local/lib/python3.12/site-packages/azure/core/pipeline/_base.py", line 98, in send
    response = self.next.send(request)
               ^^^^^^^^^^^^^^^^^^^^^^^
  File "/home/azureuser/.local/lib/python3.12/site-packages/azure/core/pipeline/_base.py", line 98, in send
    response = self.next.send(request)
               ^^^^^^^^^^^^^^^^^^^^^^^
  File "/home/azureuser/.local/lib/python3.12/site-packages/azure/core/pipeline/_base.py", line 98, in send
    response = self.next.send(request)
               ^^^^^^^^^^^^^^^^^^^^^^^
  [Previous line repeated 1 more time]
  File "/home/azureuser/.local/lib/python3.12/site-packages/azure/core/pipeline/_base.py", line 130, in send
    self._sender.send(request.http_request, **request.context.options),
    ^^^^^^^^^^^^^^^^^^^^^^^^^^^^^^^^^^^^^^^^^^^^^^^^^^^^^^^^^^^^^^^^^^
  File "/home/azureuser/.local/lib/python3.12/site-packages/azure/core/pipeline/transport/_requests_basic.py", line 375, in send
    response = self.session.request(  # type: ignore
               ^^^^^^^^^^^^^^^^^^^^^^^^^^^^^^^^^^^^^
  File "/home/azureuser/.local/lib/python3.12/site-packages/requests/sessions.py", line 589, in request
    resp = self.send(prep, **send_kwargs)
           ^^^^^^^^^^^^^^^^^^^^^^^^^^^^^^
  File "/home/azureuser/.local/lib/python3.12/site-packages/requests/sessions.py", line 703, in send
    r = adapter.send(request, **kwargs)
        ^^^^^^^^^^^^^^^^^^^^^^^^^^^^^^^
  File "/home/azureuser/.local/lib/python3.12/site-packages/requests/adapters.py", line 644, in send
    resp = conn.urlopen(
           ^^^^^^^^^^^^^
  File "/home/azureuser/.local/lib/python3.12/site-packages/urllib3/connectionpool.py", line 787, in urlopen
    response = self._make_request(
               ^^^^^^^^^^^^^^^^^^^
  File "/home/azureuser/.local/lib/python3.12/site-packages/urllib3/connectionpool.py", line 534, in _make_request
    response = conn.getresponse()
               ^^^^^^^^^^^^^^^^^^
  File "/home/azureuser/.local/lib/python3.12/site-packages/urllib3/connection.py", line 571, in getresponse
    httplib_response = super().getresponse()
                       ^^^^^^^^^^^^^^^^^^^^^
  File "/usr/lib/python3.12/http/client.py", line 1448, in getresponse
    response.begin()
  File "/usr/lib/python3.12/http/client.py", line 336, in begin
    version, status, reason = self._read_status()
                              ^^^^^^^^^^^^^^^^^^^
  File "/usr/lib/python3.12/http/client.py", line 297, in _read_status
    line = str(self.fp.readline(_MAXLINE + 1), "iso-8859-1")
               ^^^^^^^^^^^^^^^^^^^^^^^^^^^^^^
  File "/usr/lib/python3.12/socket.py", line 707, in readinto
    return self._sock.recv_into(b)
           ^^^^^^^^^^^^^^^^^^^^^^^
  File "/usr/lib/python3.12/ssl.py", line 1252, in recv_into
    return self.read(nbytes, buffer)
           ^^^^^^^^^^^^^^^^^^^^^^^^^
  File "/usr/lib/python3.12/ssl.py", line 1104, in read
    return self._sslobj.read(len, buffer)
           ^^^^^^^^^^^^^^^^^^^^^^^^^^^^^^
KeyboardInterrupt
